#
# There is insufficient memory for the Java Runtime Environment to continue.
# Native memory allocation (mmap) failed to map 65536 bytes for Failed to commit metaspace.
# Possible reasons:
#   The system is out of physical RAM or swap space
#   The process is running with CompressedOops enabled, and the Java Heap may be blocking the growth of the native heap
# Possible solutions:
#   Reduce memory load on the system
#   Increase physical memory or swap space
#   Check if swap backing store is full
#   Decrease Java heap size (-Xmx/-Xms)
#   Decrease number of Java threads
#   Decrease Java thread stack sizes (-Xss)
#   Set larger code cache with -XX:ReservedCodeCacheSize=
#   JVM is running with Zero Based Compressed Oops mode in which the Java heap is
#     placed in the first 32GB address space. The Java Heap base address is the
#     maximum limit for the native heap growth. Please use -XX:HeapBaseMinAddress
#     to set the Java Heap base and to place the Java Heap above 32GB virtual address.
# This output file may be truncated or incomplete.
#
#  Out of Memory Error (virtualSpaceNode.cpp:110), pid=47844, tid=25984
#
# JRE version: Java(TM) SE Runtime Environment (17.0.12+8) (build 17.0.12+8-LTS-286)
# Java VM: Java HotSpot(TM) 64-Bit Server VM (17.0.12+8-LTS-286, mixed mode, emulated-client, sharing, tiered, compressed oops, compressed class ptrs, g1 gc, windows-amd64)
# No core dump will be written. Minidumps are not enabled by default on client versions of Windows
#

---------------  S U M M A R Y ------------

Command Line: -XX:TieredStopAtLevel=1 -Dspring.output.ansi.enabled=always -Dcom.sun.management.jmxremote -Dspring.jmx.enabled=true -Dspring.liveBeansView.mbeanDomain -Dspring.application.admin.enabled=true -Dmanagement.endpoints.jmx.exposure.include=* -javaagent:D:\jetbrains\IDEA\IntelliJ IDEA 2025.1\lib\idea_rt.jar=52414 -Dfile.encoding=UTF-8 com.library.user.UserApplication

Host: 13th Gen Intel(R) Core(TM) i5-13500HX, 20 cores, 15G,  Windows 11 , 64 bit Build 22621 (10.0.22621.5415)
Time: Fri Mar 13 00:22:07 2026  Windows 11 , 64 bit Build 22621 (10.0.22621.5415) elapsed time: 2.103428 seconds (0d 0h 0m 2s)

---------------  T H R E A D  ---------------

Current thread (0x0000018b327b6a50):  JavaThread "main" [_thread_in_vm, id=25984, stack(0x00000010e8a00000,0x00000010e8b00000)]

Stack: [0x00000010e8a00000,0x00000010e8b00000]
Native frames: (J=compiled Java code, j=interpreted, Vv=VM code, C=native code)
V  [jvm.dll+0x67a04a]
V  [jvm.dll+0x7da4ed]
V  [jvm.dll+0x7dbe33]
V  [jvm.dll+0x7dc4a3]
V  [jvm.dll+0x24508f]
V  [jvm.dll+0x7d60bb]
V  [jvm.dll+0x6206c6]
V  [jvm.dll+0x1bed07]
V  [jvm.dll+0x623022]
V  [jvm.dll+0x621086]
V  [jvm.dll+0x1e6553]
V  [jvm.dll+0x1e92d0]
V  [jvm.dll+0x1dea41]
V  [jvm.dll+0x53f78c]
V  [jvm.dll+0x7553b8]
V  [jvm.dll+0x7554a4]
V  [jvm.dll+0x40d1af]
V  [jvm.dll+0x413c39]
C  [java.dll+0x17ec]

Java frames: (J=compiled Java code, j=interpreted, Vv=VM code)
J 1218  java.lang.ClassLoader.defineClass1(Ljava/lang/ClassLoader;Ljava/lang/String;[BIILjava/security/ProtectionDomain;Ljava/lang/String;)Ljava/lang/Class; java.base@17.0.12 (0 bytes) @ 0x0000018b3a4d4863 [0x0000018b3a4d47a0+0x00000000000000c3]
J 1246 c1 java.lang.ClassLoader.defineClass(Ljava/lang/String;[BIILjava/security/ProtectionDomain;)Ljava/lang/Class; java.base@17.0.12 (43 bytes) @ 0x0000018b3a4e22ec [0x0000018b3a4e21e0+0x000000000000010c]
J 1247 c1 jdk.internal.loader.BuiltinClassLoader.defineClass(Ljava/lang/String;Ljdk/internal/loader/Resource;)Ljava/lang/Class; java.base@17.0.12 (121 bytes) @ 0x0000018b3a4e3a74 [0x0000018b3a4e35a0+0x00000000000004d4]
J 1234 c1 jdk.internal.loader.BuiltinClassLoader.findClassOnClassPathOrNull(Ljava/lang/String;)Ljava/lang/Class; java.base@17.0.12 (64 bytes) @ 0x0000018b3a4de744 [0x0000018b3a4de480+0x00000000000002c4]
J 986 c1 jdk.internal.loader.BuiltinClassLoader.loadClassOrNull(Ljava/lang/String;Z)Ljava/lang/Class; java.base@17.0.12 (143 bytes) @ 0x0000018b3a46eb04 [0x0000018b3a46e680+0x0000000000000484]
J 1149 c1 jdk.internal.loader.ClassLoaders$AppClassLoader.loadClass(Ljava/lang/String;Z)Ljava/lang/Class; java.base@17.0.12 (40 bytes) @ 0x0000018b3a4b94ac [0x0000018b3a4b9360+0x000000000000014c]
J 1141 c1 java.lang.ClassLoader.loadClass(Ljava/lang/String;)Ljava/lang/Class; java.base@17.0.12 (7 bytes) @ 0x0000018b3a4b46e4 [0x0000018b3a4b46a0+0x0000000000000044]
v  ~StubRoutines::call_stub
J 1218  java.lang.ClassLoader.defineClass1(Ljava/lang/ClassLoader;Ljava/lang/String;[BIILjava/security/ProtectionDomain;Ljava/lang/String;)Ljava/lang/Class; java.base@17.0.12 (0 bytes) @ 0x0000018b3a4d4863 [0x0000018b3a4d47a0+0x00000000000000c3]
J 1246 c1 java.lang.ClassLoader.defineClass(Ljava/lang/String;[BIILjava/security/ProtectionDomain;)Ljava/lang/Class; java.base@17.0.12 (43 bytes) @ 0x0000018b3a4e22ec [0x0000018b3a4e21e0+0x000000000000010c]
J 1247 c1 jdk.internal.loader.BuiltinClassLoader.defineClass(Ljava/lang/String;Ljdk/internal/loader/Resource;)Ljava/lang/Class; java.base@17.0.12 (121 bytes) @ 0x0000018b3a4e3a74 [0x0000018b3a4e35a0+0x00000000000004d4]
J 1234 c1 jdk.internal.loader.BuiltinClassLoader.findClassOnClassPathOrNull(Ljava/lang/String;)Ljava/lang/Class; java.base@17.0.12 (64 bytes) @ 0x0000018b3a4de744 [0x0000018b3a4de480+0x00000000000002c4]
J 986 c1 jdk.internal.loader.BuiltinClassLoader.loadClassOrNull(Ljava/lang/String;Z)Ljava/lang/Class; java.base@17.0.12 (143 bytes) @ 0x0000018b3a46eb04 [0x0000018b3a46e680+0x0000000000000484]
J 1149 c1 jdk.internal.loader.ClassLoaders$AppClassLoader.loadClass(Ljava/lang/String;Z)Ljava/lang/Class; java.base@17.0.12 (40 bytes) @ 0x0000018b3a4b94ac [0x0000018b3a4b9360+0x000000000000014c]
J 1141 c1 java.lang.ClassLoader.loadClass(Ljava/lang/String;)Ljava/lang/Class; java.base@17.0.12 (7 bytes) @ 0x0000018b3a4b46e4 [0x0000018b3a4b46a0+0x0000000000000044]
v  ~StubRoutines::call_stub
j  com.baomidou.mybatisplus.core.handlers.PostInitTableInfoHandler.creteTableInfo(Lorg/apache/ibatis/session/Configuration;Ljava/lang/Class;)Lcom/baomidou/mybatisplus/core/metadata/TableInfo;+0
j  com.baomidou.mybatisplus.core.metadata.TableInfoHelper.initTableInfo(Lorg/apache/ibatis/session/Configuration;Ljava/lang/String;Ljava/lang/Class;)Lcom/baomidou/mybatisplus/core/metadata/TableInfo;+15
j  com.baomidou.mybatisplus.core.metadata.TableInfoHelper.initTableInfo(Lorg/apache/ibatis/builder/MapperBuilderAssistant;Ljava/lang/Class;)Lcom/baomidou/mybatisplus/core/metadata/TableInfo;+55
j  com.baomidou.mybatisplus.core.injector.AbstractSqlInjector.inspectInject(Lorg/apache/ibatis/builder/MapperBuilderAssistant;Ljava/lang/Class;)V+41
j  com.baomidou.mybatisplus.core.MybatisMapperAnnotationBuilder.parserInjector()V+15
j  com.baomidou.mybatisplus.core.MybatisMapperAnnotationBuilder.parse()V+206
j  com.baomidou.mybatisplus.core.MybatisMapperRegistry.addMapper(Ljava/lang/Class;)V+51
j  com.baomidou.mybatisplus.core.MybatisConfiguration.addMapper(Ljava/lang/Class;)V+5
j  org.mybatis.spring.mapper.MapperFactoryBean.checkDaoConfig()V+46
j  org.springframework.dao.support.DaoSupport.afterPropertiesSet()V+1
j  org.springframework.beans.factory.support.AbstractAutowireCapableBeanFactory.invokeInitMethods(Ljava/lang/String;Ljava/lang/Object;Lorg/springframework/beans/factory/support/RootBeanDefinition;)V+56
j  org.springframework.beans.factory.support.AbstractAutowireCapableBeanFactory.initializeBean(Ljava/lang/String;Ljava/lang/Object;Lorg/springframework/beans/factory/support/RootBeanDefinition;)Ljava/lang/Object;+34
j  org.springframework.beans.factory.support.AbstractAutowireCapableBeanFactory.doCreateBean(Ljava/lang/String;Lorg/springframework/beans/factory/support/RootBeanDefinition;[Ljava/lang/Object;)Ljava/lang/Object;+228
j  org.springframework.beans.factory.support.AbstractAutowireCapableBeanFactory.createBean(Ljava/lang/String;Lorg/springframework/beans/factory/support/RootBeanDefinition;[Ljava/lang/Object;)Ljava/lang/Object;+153
j  org.springframework.beans.factory.support.AbstractBeanFactory.lambda$doGetBean$0(Ljava/lang/String;Lorg/springframework/beans/factory/support/RootBeanDefinition;[Ljava/lang/Object;)Ljava/lang/Object;+4
j  org.springframework.beans.factory.support.AbstractBeanFactory$$Lambda$350+0x0000018b4c23a400.getObject()Ljava/lang/Object;+16
j  org.springframework.beans.factory.support.DefaultSingletonBeanRegistry.getSingleton(Ljava/lang/String;Lorg/springframework/beans/factory/ObjectFactory;)Ljava/lang/Object;+114
J 2637 c1 org.springframework.beans.factory.support.AbstractBeanFactory.doGetBean(Ljava/lang/String;Ljava/lang/Class;[Ljava/lang/Object;Z)Ljava/lang/Object; (740 bytes) @ 0x0000018b3a71e20c [0x0000018b3a71dc00+0x000000000000060c]
j  org.springframework.beans.factory.support.AbstractBeanFactory.getBean(Ljava/lang/String;)Ljava/lang/Object;+5
j  org.springframework.beans.factory.config.DependencyDescriptor.resolveCandidate(Ljava/lang/String;Ljava/lang/Class;Lorg/springframework/beans/factory/BeanFactory;)Ljava/lang/Object;+2
j  org.springframework.beans.factory.support.DefaultListableBeanFactory.doResolveDependency(Lorg/springframework/beans/factory/config/DependencyDescriptor;Ljava/lang/String;Ljava/util/Set;Lorg/springframework/beans/TypeConverter;)Ljava/lang/Object;+473
j  org.springframework.beans.factory.support.DefaultListableBeanFactory.resolveDependency(Lorg/springframework/beans/factory/config/DependencyDescriptor;Ljava/lang/String;Ljava/util/Set;Lorg/springframework/beans/TypeConverter;)Ljava/lang/Object;+117
j  org.springframework.beans.factory.annotation.AutowiredAnnotationBeanPostProcessor$AutowiredFieldElement.resolveFieldValue(Ljava/lang/reflect/Field;Ljava/lang/Object;Ljava/lang/String;)Ljava/lang/Object;+81
j  org.springframework.beans.factory.annotation.AutowiredAnnotationBeanPostProcessor$AutowiredFieldElement.inject(Ljava/lang/Object;Ljava/lang/String;Lorg/springframework/beans/PropertyValues;)V+74
j  org.springframework.beans.factory.annotation.InjectionMetadata.inject(Ljava/lang/Object;Ljava/lang/String;Lorg/springframework/beans/PropertyValues;)V+68
j  org.springframework.beans.factory.annotation.AutowiredAnnotationBeanPostProcessor.postProcessProperties(Lorg/springframework/beans/PropertyValues;Ljava/lang/Object;Ljava/lang/String;)Lorg/springframework/beans/PropertyValues;+17
j  org.springframework.beans.factory.support.AbstractAutowireCapableBeanFactory.populateBean(Ljava/lang/String;Lorg/springframework/beans/factory/support/RootBeanDefinition;Lorg/springframework/beans/BeanWrapper;)V+280
j  org.springframework.beans.factory.support.AbstractAutowireCapableBeanFactory.doCreateBean(Ljava/lang/String;Lorg/springframework/beans/factory/support/RootBeanDefinition;[Ljava/lang/Object;)Ljava/lang/Object;+220
j  org.springframework.beans.factory.support.AbstractAutowireCapableBeanFactory.createBean(Ljava/lang/String;Lorg/springframework/beans/factory/support/RootBeanDefinition;[Ljava/lang/Object;)Ljava/lang/Object;+153
j  org.springframework.beans.factory.support.AbstractBeanFactory.lambda$doGetBean$0(Ljava/lang/String;Lorg/springframework/beans/factory/support/RootBeanDefinition;[Ljava/lang/Object;)Ljava/lang/Object;+4
j  org.springframework.beans.factory.support.AbstractBeanFactory$$Lambda$350+0x0000018b4c23a400.getObject()Ljava/lang/Object;+16
j  org.springframework.beans.factory.support.DefaultSingletonBeanRegistry.getSingleton(Ljava/lang/String;Lorg/springframework/beans/factory/ObjectFactory;)Ljava/lang/Object;+114
J 2637 c1 org.springframework.beans.factory.support.AbstractBeanFactory.doGetBean(Ljava/lang/String;Ljava/lang/Class;[Ljava/lang/Object;Z)Ljava/lang/Object; (740 bytes) @ 0x0000018b3a71e20c [0x0000018b3a71dc00+0x000000000000060c]
j  org.springframework.beans.factory.support.AbstractBeanFactory.getBean(Ljava/lang/String;)Ljava/lang/Object;+5
j  org.springframework.beans.factory.support.DefaultListableBeanFactory.preInstantiateSingletons()V+152
j  org.springframework.context.support.AbstractApplicationContext.finishBeanFactoryInitialization(Lorg/springframework/beans/factory/config/ConfigurableListableBeanFactory;)V+130
j  org.springframework.context.support.AbstractApplicationContext.refresh()V+94
j  org.springframework.boot.web.servlet.context.ServletWebServerApplicationContext.refresh()V+1
j  org.springframework.boot.SpringApplication.refresh(Lorg/springframework/context/ConfigurableApplicationContext;)V+1
j  org.springframework.boot.SpringApplication.refreshContext(Lorg/springframework/context/ConfigurableApplicationContext;)V+16
j  org.springframework.boot.SpringApplication.run([Ljava/lang/String;)Lorg/springframework/context/ConfigurableApplicationContext;+110
j  org.springframework.boot.SpringApplication.run([Ljava/lang/Class;[Ljava/lang/String;)Lorg/springframework/context/ConfigurableApplicationContext;+9
j  org.springframework.boot.SpringApplication.run(Ljava/lang/Class;[Ljava/lang/String;)Lorg/springframework/context/ConfigurableApplicationContext;+9
j  com.library.user.UserApplication.main([Ljava/lang/String;)V+3
v  ~StubRoutines::call_stub

---------------  P R O C E S S  ---------------

Threads class SMR info:
_java_thread_list=0x0000018b912dcfe0, length=23, elements={
0x0000018b327b6a50, 0x0000018b4a25f220, 0x0000018b4a2600a0, 0x0000018b4a278070,
0x0000018b4a27ae00, 0x0000018b4a27c7d0, 0x0000018b4a27d190, 0x0000018b4a27dc00,
0x0000018b4a27e600, 0x0000018b4a362010, 0x0000018b4a3671b0, 0x0000018b4a367780,
0x0000018b4a367d50, 0x0000018b4a7131f0, 0x0000018b4a7136d0, 0x0000018b4a8feb10,
0x0000018b4aa304f0, 0x0000018b4a9dbfc0, 0x0000018b4ab19600, 0x0000018b4ae2ab80,
0x0000018b4ae2b090, 0x0000018b4ae2c9e0, 0x0000018b4ae2cef0
}

Java Threads: ( => current thread )
=>0x0000018b327b6a50 JavaThread "main" [_thread_in_vm, id=25984, stack(0x00000010e8a00000,0x00000010e8b00000)]
  0x0000018b4a25f220 JavaThread "Reference Handler" daemon [_thread_blocked, id=36116, stack(0x00000010e9100000,0x00000010e9200000)]
  0x0000018b4a2600a0 JavaThread "Finalizer" daemon [_thread_blocked, id=22060, stack(0x00000010e9200000,0x00000010e9300000)]
  0x0000018b4a278070 JavaThread "Signal Dispatcher" daemon [_thread_blocked, id=32936, stack(0x00000010e9300000,0x00000010e9400000)]
  0x0000018b4a27ae00 JavaThread "Attach Listener" daemon [_thread_blocked, id=22920, stack(0x00000010e9400000,0x00000010e9500000)]
  0x0000018b4a27c7d0 JavaThread "Service Thread" daemon [_thread_blocked, id=49368, stack(0x00000010e9500000,0x00000010e9600000)]
  0x0000018b4a27d190 JavaThread "Monitor Deflation Thread" daemon [_thread_blocked, id=2968, stack(0x00000010e9600000,0x00000010e9700000)]
  0x0000018b4a27dc00 JavaThread "C1 CompilerThread0" daemon [_thread_blocked, id=17436, stack(0x00000010e9700000,0x00000010e9800000)]
  0x0000018b4a27e600 JavaThread "Sweeper thread" daemon [_thread_blocked, id=520, stack(0x00000010e9800000,0x00000010e9900000)]
  0x0000018b4a362010 JavaThread "Common-Cleaner" daemon [_thread_blocked, id=17900, stack(0x00000010e9900000,0x00000010e9a00000)]
  0x0000018b4a3671b0 JavaThread "C1 CompilerThread1" daemon [_thread_blocked, id=39452, stack(0x00000010e9a00000,0x00000010e9b00000)]
  0x0000018b4a367780 JavaThread "C1 CompilerThread2" daemon [_thread_blocked, id=42092, stack(0x00000010e9b00000,0x00000010e9c00000)]
  0x0000018b4a367d50 JavaThread "C1 CompilerThread3" daemon [_thread_blocked, id=42532, stack(0x00000010e9c00000,0x00000010e9d00000)]
  0x0000018b4a7131f0 JavaThread "Monitor Ctrl-Break" daemon [_thread_in_native, id=16584, stack(0x00000010e9d00000,0x00000010e9e00000)]
  0x0000018b4a7136d0 JavaThread "Notification Thread" daemon [_thread_blocked, id=38056, stack(0x00000010e9e00000,0x00000010e9f00000)]
  0x0000018b4a8feb10 JavaThread "RMI TCP Accept-0" daemon [_thread_in_native, id=41312, stack(0x00000010e9f00000,0x00000010ea000000)]
  0x0000018b4aa304f0 JavaThread "RMI TCP Connection(1)-22.80.152.197" daemon [_thread_in_native, id=8060, stack(0x00000010ea000000,0x00000010ea100000)]
  0x0000018b4a9dbfc0 JavaThread "RMI Scheduler(0)" daemon [_thread_blocked, id=44320, stack(0x00000010ea200000,0x00000010ea300000)]
  0x0000018b4ab19600 JavaThread "JMX server connection timeout 28" daemon [_thread_blocked, id=20920, stack(0x00000010ea300000,0x00000010ea400000)]
  0x0000018b4ae2ab80 JavaThread "Catalina-utility-1" [_thread_blocked, id=15716, stack(0x00000010eb500000,0x00000010eb600000)]
  0x0000018b4ae2b090 JavaThread "Catalina-utility-2" [_thread_blocked, id=50148, stack(0x00000010eb600000,0x00000010eb700000)]
  0x0000018b4ae2c9e0 JavaThread "container-0" [_thread_blocked, id=16084, stack(0x00000010eb700000,0x00000010eb800000)]
  0x0000018b4ae2cef0 JavaThread "mysql-cj-abandoned-connection-cleanup" daemon [_thread_blocked, id=33320, stack(0x00000010eb800000,0x00000010eb900000)]

Other Threads:
  0x0000018b4a25b620 VMThread "VM Thread" [stack: 0x00000010e9000000,0x00000010e9100000] [id=50608]
  0x0000018b49e35a80 WatcherThread [stack: 0x00000010ea100000,0x00000010ea200000] [id=44692]
  0x0000018b32824670 GCTaskThread "GC Thread#0" [stack: 0x00000010e8b00000,0x00000010e8c00000] [id=47472]
  0x0000018b4aca72f0 GCTaskThread "GC Thread#1" [stack: 0x00000010ea400000,0x00000010ea500000] [id=49232]
  0x0000018b4acbfc90 GCTaskThread "GC Thread#2" [stack: 0x00000010ea500000,0x00000010ea600000] [id=9816]
  0x0000018b4acdadc0 GCTaskThread "GC Thread#3" [stack: 0x00000010ea600000,0x00000010ea700000] [id=2628]
  0x0000018b4acdb6a0 GCTaskThread "GC Thread#4" [stack: 0x00000010ea700000,0x00000010ea800000] [id=51860]
  0x0000018b4acc6900 GCTaskThread "GC Thread#5" [stack: 0x00000010ea800000,0x00000010ea900000] [id=28248]
  0x0000018b4ad1cd80 GCTaskThread "GC Thread#6" [stack: 0x00000010ea900000,0x00000010eaa00000] [id=49568]
  0x0000018b4ad1b4c0 GCTaskThread "GC Thread#7" [stack: 0x00000010eaa00000,0x00000010eab00000] [id=23580]
  0x0000018b4ad1c800 GCTaskThread "GC Thread#8" [stack: 0x00000010eab00000,0x00000010eac00000] [id=50416]
  0x0000018b4ad1cac0 GCTaskThread "GC Thread#9" [stack: 0x00000010eac00000,0x00000010ead00000] [id=23916]
  0x0000018b4ad1ba40 GCTaskThread "GC Thread#10" [stack: 0x00000010eae00000,0x00000010eaf00000] [id=36200]
  0x0000018b4ad1c540 GCTaskThread "GC Thread#11" [stack: 0x00000010eaf00000,0x00000010eb000000] [id=16220]
  0x0000018b4ad1d040 GCTaskThread "GC Thread#12" [stack: 0x00000010ead00000,0x00000010eae00000] [id=35432]
  0x0000018b4ad1bd00 GCTaskThread "GC Thread#13" [stack: 0x00000010eb000000,0x00000010eb100000] [id=30568]
  0x0000018b4ad1c280 GCTaskThread "GC Thread#14" [stack: 0x00000010eb100000,0x00000010eb200000] [id=17812]
  0x0000018b328352c0 ConcurrentGCThread "G1 Main Marker" [stack: 0x00000010e8c00000,0x00000010e8d00000] [id=44480]
  0x0000018b32836ce0 ConcurrentGCThread "G1 Conc#0" [stack: 0x00000010e8d00000,0x00000010e8e00000] [id=17536]
  0x0000018b4ad1bfc0 ConcurrentGCThread "G1 Conc#1" [stack: 0x00000010eb200000,0x00000010eb300000] [id=33720]
  0x0000018b90ed4c00 ConcurrentGCThread "G1 Conc#2" [stack: 0x00000010eb300000,0x00000010eb400000] [id=25032]
  0x0000018b90ed5700 ConcurrentGCThread "G1 Conc#3" [stack: 0x00000010eb400000,0x00000010eb500000] [id=19836]
  0x0000018b49ef4860 ConcurrentGCThread "G1 Refine#0" [stack: 0x00000010e8e00000,0x00000010e8f00000] [id=41896]
  0x0000018b49ef5290 ConcurrentGCThread "G1 Service" [stack: 0x00000010e8f00000,0x00000010e9000000] [id=42744]

Threads with active compile tasks:

VM state: not at safepoint (normal execution)

VM Mutex/Monitor currently owned by a thread:  ([mutex/lock_event])
[0x0000018b327b11b0] Metaspace_lock - owner thread: 0x0000018b327b6a50

Heap address: 0x0000000703000000, size: 4048 MB, Compressed Oops mode: Zero based, Oop shift amount: 3

CDS archive(s) mapped at: [0x0000018b4b000000-0x0000018b4bbd0000-0x0000018b4bbd0000), size 12386304, SharedBaseAddress: 0x0000018b4b000000, ArchiveRelocationMode: 1.
Compressed class space mapped at: 0x0000018b4c000000-0x0000018b8c000000, reserved size: 1073741824
Narrow klass base: 0x0000018b4b000000, Narrow klass shift: 0, Narrow klass range: 0x100000000

GC Precious Log:
 CPUs: 20 total, 20 available
 Memory: 16191M
 Large Page Support: Disabled
 NUMA Support: Disabled
 Compressed Oops: Enabled (Zero based)
 Heap Region Size: 2M
 Heap Min Capacity: 8M
 Heap Initial Capacity: 254M
 Heap Max Capacity: 4048M
 Pre-touch: Disabled
 Parallel Workers: 15
 Concurrent Workers: 4
 Concurrent Refinement Workers: 15
 Periodic GC: Disabled

Heap:
 garbage-first heap   total 157696K, used 40652K [0x0000000703000000, 0x0000000800000000)
  region size 2048K, 14 young (28672K), 1 survivors (2048K)
 Metaspace       used 31354K, committed 31808K, reserved 1114112K
  class space    used 4393K, committed 4608K, reserved 1048576K

Heap Regions: E=young(eden), S=young(survivor), O=old, HS=humongous(starts), HC=humongous(continues), CS=collection set, F=free, OA=open archive, CA=closed archive, TAMS=top-at-mark-start (previous, next)
|   0|0x0000000703000000, 0x0000000703200000, 0x0000000703200000|100%| O|  |TAMS 0x0000000703200000, 0x0000000703000000| Untracked 
|   1|0x0000000703200000, 0x0000000703400000, 0x0000000703400000|100%| O|  |TAMS 0x0000000703400000, 0x0000000703200000| Untracked 
|   2|0x0000000703400000, 0x0000000703600000, 0x0000000703600000|100%| O|  |TAMS 0x0000000703600000, 0x0000000703400000| Untracked 
|   3|0x0000000703600000, 0x0000000703600000, 0x0000000703800000|  0%| F|  |TAMS 0x0000000703600000, 0x0000000703600000| Untracked 
|   4|0x0000000703800000, 0x0000000703a00000, 0x0000000703a00000|100%| O|  |TAMS 0x0000000703800000, 0x0000000703800000| Untracked 
|   5|0x0000000703a00000, 0x0000000703c00000, 0x0000000703c00000|100%| O|  |TAMS 0x0000000703a00000, 0x0000000703a00000| Untracked 
|   6|0x0000000703c00000, 0x0000000703e00000, 0x0000000703e00000|100%| O|  |TAMS 0x0000000703c00000, 0x0000000703c00000| Untracked 
|   7|0x0000000703e00000, 0x0000000703fc9600, 0x0000000704000000| 89%| O|  |TAMS 0x0000000703e00000, 0x0000000703e00000| Untracked 
|   8|0x0000000704000000, 0x0000000704000000, 0x0000000704200000|  0%| F|  |TAMS 0x0000000704000000, 0x0000000704000000| Untracked 
|   9|0x0000000704200000, 0x0000000704200000, 0x0000000704400000|  0%| F|  |TAMS 0x0000000704200000, 0x0000000704200000| Untracked 
|  10|0x0000000704400000, 0x0000000704400000, 0x0000000704600000|  0%| F|  |TAMS 0x0000000704400000, 0x0000000704400000| Untracked 
|  11|0x0000000704600000, 0x0000000704600000, 0x0000000704800000|  0%| F|  |TAMS 0x0000000704600000, 0x0000000704600000| Untracked 
|  12|0x0000000704800000, 0x0000000704800000, 0x0000000704a00000|  0%| F|  |TAMS 0x0000000704800000, 0x0000000704800000| Untracked 
|  13|0x0000000704a00000, 0x0000000704a00000, 0x0000000704c00000|  0%| F|  |TAMS 0x0000000704a00000, 0x0000000704a00000| Untracked 
|  14|0x0000000704c00000, 0x0000000704c00000, 0x0000000704e00000|  0%| F|  |TAMS 0x0000000704c00000, 0x0000000704c00000| Untracked 
|  15|0x0000000704e00000, 0x0000000704fe9c88, 0x0000000705000000| 95%| S|CS|TAMS 0x0000000704e00000, 0x0000000704e00000| Complete 
|  16|0x0000000705000000, 0x0000000705000000, 0x0000000705200000|  0%| F|  |TAMS 0x0000000705000000, 0x0000000705000000| Untracked 
|  17|0x0000000705200000, 0x0000000705200000, 0x0000000705400000|  0%| F|  |TAMS 0x0000000705200000, 0x0000000705200000| Untracked 
|  18|0x0000000705400000, 0x0000000705400000, 0x0000000705600000|  0%| F|  |TAMS 0x0000000705400000, 0x0000000705400000| Untracked 
|  19|0x0000000705600000, 0x0000000705600000, 0x0000000705800000|  0%| F|  |TAMS 0x0000000705600000, 0x0000000705600000| Untracked 
|  20|0x0000000705800000, 0x0000000705800000, 0x0000000705a00000|  0%| F|  |TAMS 0x0000000705800000, 0x0000000705800000| Untracked 
|  21|0x0000000705a00000, 0x0000000705a00000, 0x0000000705c00000|  0%| F|  |TAMS 0x0000000705a00000, 0x0000000705a00000| Untracked 
|  22|0x0000000705c00000, 0x0000000705c00000, 0x0000000705e00000|  0%| F|  |TAMS 0x0000000705c00000, 0x0000000705c00000| Untracked 
|  23|0x0000000705e00000, 0x0000000705e00000, 0x0000000706000000|  0%| F|  |TAMS 0x0000000705e00000, 0x0000000705e00000| Untracked 
|  24|0x0000000706000000, 0x0000000706000000, 0x0000000706200000|  0%| F|  |TAMS 0x0000000706000000, 0x0000000706000000| Untracked 
|  25|0x0000000706200000, 0x0000000706200000, 0x0000000706400000|  0%| F|  |TAMS 0x0000000706200000, 0x0000000706200000| Untracked 
|  26|0x0000000706400000, 0x0000000706400000, 0x0000000706600000|  0%| F|  |TAMS 0x0000000706400000, 0x0000000706400000| Untracked 
|  27|0x0000000706600000, 0x0000000706600000, 0x0000000706800000|  0%| F|  |TAMS 0x0000000706600000, 0x0000000706600000| Untracked 
|  28|0x0000000706800000, 0x0000000706800000, 0x0000000706a00000|  0%| F|  |TAMS 0x0000000706800000, 0x0000000706800000| Untracked 
|  29|0x0000000706a00000, 0x0000000706a00000, 0x0000000706c00000|  0%| F|  |TAMS 0x0000000706a00000, 0x0000000706a00000| Untracked 
|  30|0x0000000706c00000, 0x0000000706c00000, 0x0000000706e00000|  0%| F|  |TAMS 0x0000000706c00000, 0x0000000706c00000| Untracked 
|  31|0x0000000706e00000, 0x0000000706e00000, 0x0000000707000000|  0%| F|  |TAMS 0x0000000706e00000, 0x0000000706e00000| Untracked 
|  32|0x0000000707000000, 0x0000000707000000, 0x0000000707200000|  0%| F|  |TAMS 0x0000000707000000, 0x0000000707000000| Untracked 
|  33|0x0000000707200000, 0x0000000707200000, 0x0000000707400000|  0%| F|  |TAMS 0x0000000707200000, 0x0000000707200000| Untracked 
|  34|0x0000000707400000, 0x0000000707400000, 0x0000000707600000|  0%| F|  |TAMS 0x0000000707400000, 0x0000000707400000| Untracked 
|  35|0x0000000707600000, 0x0000000707600000, 0x0000000707800000|  0%| F|  |TAMS 0x0000000707600000, 0x0000000707600000| Untracked 
|  36|0x0000000707800000, 0x0000000707800000, 0x0000000707a00000|  0%| F|  |TAMS 0x0000000707800000, 0x0000000707800000| Untracked 
|  37|0x0000000707a00000, 0x0000000707a00000, 0x0000000707c00000|  0%| F|  |TAMS 0x0000000707a00000, 0x0000000707a00000| Untracked 
|  38|0x0000000707c00000, 0x0000000707c00000, 0x0000000707e00000|  0%| F|  |TAMS 0x0000000707c00000, 0x0000000707c00000| Untracked 
|  39|0x0000000707e00000, 0x0000000707e00000, 0x0000000708000000|  0%| F|  |TAMS 0x0000000707e00000, 0x0000000707e00000| Untracked 
|  40|0x0000000708000000, 0x0000000708000000, 0x0000000708200000|  0%| F|  |TAMS 0x0000000708000000, 0x0000000708000000| Untracked 
|  41|0x0000000708200000, 0x0000000708200000, 0x0000000708400000|  0%| F|  |TAMS 0x0000000708200000, 0x0000000708200000| Untracked 
|  42|0x0000000708400000, 0x0000000708400000, 0x0000000708600000|  0%| F|  |TAMS 0x0000000708400000, 0x0000000708400000| Untracked 
|  43|0x0000000708600000, 0x0000000708600000, 0x0000000708800000|  0%| F|  |TAMS 0x0000000708600000, 0x0000000708600000| Untracked 
|  44|0x0000000708800000, 0x0000000708800000, 0x0000000708a00000|  0%| F|  |TAMS 0x0000000708800000, 0x0000000708800000| Untracked 
|  45|0x0000000708a00000, 0x0000000708a00000, 0x0000000708c00000|  0%| F|  |TAMS 0x0000000708a00000, 0x0000000708a00000| Untracked 
|  46|0x0000000708c00000, 0x0000000708c00000, 0x0000000708e00000|  0%| F|  |TAMS 0x0000000708c00000, 0x0000000708c00000| Untracked 
|  47|0x0000000708e00000, 0x0000000708e00000, 0x0000000709000000|  0%| F|  |TAMS 0x0000000708e00000, 0x0000000708e00000| Untracked 
|  48|0x0000000709000000, 0x0000000709000000, 0x0000000709200000|  0%| F|  |TAMS 0x0000000709000000, 0x0000000709000000| Untracked 
|  49|0x0000000709200000, 0x0000000709200000, 0x0000000709400000|  0%| F|  |TAMS 0x0000000709200000, 0x0000000709200000| Untracked 
|  50|0x0000000709400000, 0x0000000709400000, 0x0000000709600000|  0%| F|  |TAMS 0x0000000709400000, 0x0000000709400000| Untracked 
|  51|0x0000000709600000, 0x0000000709600000, 0x0000000709800000|  0%| F|  |TAMS 0x0000000709600000, 0x0000000709600000| Untracked 
|  52|0x0000000709800000, 0x0000000709800000, 0x0000000709a00000|  0%| F|  |TAMS 0x0000000709800000, 0x0000000709800000| Untracked 
|  53|0x0000000709a00000, 0x0000000709a00000, 0x0000000709c00000|  0%| F|  |TAMS 0x0000000709a00000, 0x0000000709a00000| Untracked 
|  54|0x0000000709c00000, 0x0000000709c00000, 0x0000000709e00000|  0%| F|  |TAMS 0x0000000709c00000, 0x0000000709c00000| Untracked 
|  55|0x0000000709e00000, 0x0000000709e00000, 0x000000070a000000|  0%| F|  |TAMS 0x0000000709e00000, 0x0000000709e00000| Untracked 
|  56|0x000000070a000000, 0x000000070a000000, 0x000000070a200000|  0%| F|  |TAMS 0x000000070a000000, 0x000000070a000000| Untracked 
|  57|0x000000070a200000, 0x000000070a200000, 0x000000070a400000|  0%| F|  |TAMS 0x000000070a200000, 0x000000070a200000| Untracked 
|  58|0x000000070a400000, 0x000000070a400000, 0x000000070a600000|  0%| F|  |TAMS 0x000000070a400000, 0x000000070a400000| Untracked 
|  59|0x000000070a600000, 0x000000070a600000, 0x000000070a800000|  0%| F|  |TAMS 0x000000070a600000, 0x000000070a600000| Untracked 
|  60|0x000000070a800000, 0x000000070a800000, 0x000000070aa00000|  0%| F|  |TAMS 0x000000070a800000, 0x000000070a800000| Untracked 
|  61|0x000000070aa00000, 0x000000070aa00000, 0x000000070ac00000|  0%| F|  |TAMS 0x000000070aa00000, 0x000000070aa00000| Untracked 
|  62|0x000000070ac00000, 0x000000070ac00000, 0x000000070ae00000|  0%| F|  |TAMS 0x000000070ac00000, 0x000000070ac00000| Untracked 
|  63|0x000000070ae00000, 0x000000070ae00000, 0x000000070b000000|  0%| F|  |TAMS 0x000000070ae00000, 0x000000070ae00000| Untracked 
|  64|0x000000070b000000, 0x000000070b100c10, 0x000000070b200000| 50%| E|  |TAMS 0x000000070b000000, 0x000000070b000000| Complete 
|  65|0x000000070b200000, 0x000000070b400000, 0x000000070b400000|100%| E|CS|TAMS 0x000000070b200000, 0x000000070b200000| Complete 
|  66|0x000000070b400000, 0x000000070b600000, 0x000000070b600000|100%| E|CS|TAMS 0x000000070b400000, 0x000000070b400000| Complete 
|  67|0x000000070b600000, 0x000000070b800000, 0x000000070b800000|100%| E|CS|TAMS 0x000000070b600000, 0x000000070b600000| Complete 
|  68|0x000000070b800000, 0x000000070ba00000, 0x000000070ba00000|100%| E|CS|TAMS 0x000000070b800000, 0x000000070b800000| Complete 
|  69|0x000000070ba00000, 0x000000070bc00000, 0x000000070bc00000|100%| E|CS|TAMS 0x000000070ba00000, 0x000000070ba00000| Complete 
|  70|0x000000070bc00000, 0x000000070be00000, 0x000000070be00000|100%| E|CS|TAMS 0x000000070bc00000, 0x000000070bc00000| Complete 
|  71|0x000000070be00000, 0x000000070c000000, 0x000000070c000000|100%| E|CS|TAMS 0x000000070be00000, 0x000000070be00000| Complete 
|  72|0x000000070c000000, 0x000000070c200000, 0x000000070c200000|100%| E|CS|TAMS 0x000000070c000000, 0x000000070c000000| Complete 
|  95|0x000000070ee00000, 0x000000070f000000, 0x000000070f000000|100%| E|CS|TAMS 0x000000070ee00000, 0x000000070ee00000| Complete 
|  96|0x000000070f000000, 0x000000070f200000, 0x000000070f200000|100%| E|CS|TAMS 0x000000070f000000, 0x000000070f000000| Complete 
|  97|0x000000070f200000, 0x000000070f400000, 0x000000070f400000|100%| E|CS|TAMS 0x000000070f200000, 0x000000070f200000| Complete 
| 126|0x0000000712c00000, 0x0000000712e00000, 0x0000000712e00000|100%| E|CS|TAMS 0x0000000712c00000, 0x0000000712c00000| Complete 

Card table byte_map: [0x0000018b3e0e0000,0x0000018b3e8d0000] _byte_map_base: 0x0000018b3a8c8000

Marking Bits (Prev, Next): (CMBitMap*) 0x0000018b32824cd0, (CMBitMap*) 0x0000018b32824c90
 Prev Bits: [0x0000018b43000000, 0x0000018b46f40000)
 Next Bits: [0x0000018b3f0c0000, 0x0000018b43000000)

Polling page: 0x0000018b30670000

Metaspace:

Usage:
  Non-class:     26.33 MB used.
      Class:      4.29 MB used.
       Both:     30.62 MB used.

Virtual space:
  Non-class space:       64.00 MB reserved,      26.56 MB ( 42%) committed,  1 nodes.
      Class space:        1.00 GB reserved,       4.50 MB ( <1%) committed,  1 nodes.
             Both:        1.06 GB reserved,      31.06 MB (  3%) committed. 

Chunk freelists:
   Non-Class:  5.11 MB
       Class:  11.47 MB
        Both:  16.58 MB

MaxMetaspaceSize: unlimited
CompressedClassSpaceSize: 1.00 GB
Initial GC threshold: 21.00 MB
Current GC threshold: 35.12 MB
CDS: on
MetaspaceReclaimPolicy: balanced
 - commit_granule_bytes: 65536.
 - commit_granule_words: 8192.
 - virtual_space_node_default_size: 8388608.
 - enlarge_chunks_in_place: 1.
 - new_chunks_are_fully_committed: 0.
 - uncommit_free_chunks: 1.
 - use_allocation_guard: 0.
 - handle_deallocations: 1.


Internal statistics:

num_allocs_failed_limit: 3.
num_arena_births: 642.
num_arena_deaths: 0.
num_vsnodes_births: 2.
num_vsnodes_deaths: 0.
num_space_committed: 497.
num_space_uncommitted: 0.
num_chunks_returned_to_freelist: 3.
num_chunks_taken_from_freelist: 1789.
num_chunk_merges: 3.
num_chunk_splits: 1219.
num_chunks_enlarged: 857.
num_inconsistent_stats: 0.

CodeCache: size=49152Kb used=8657Kb max_used=8657Kb free=40494Kb
 bounds [0x0000018b3a060000, 0x0000018b3a8e0000, 0x0000018b3d060000]
 total_blobs=4273 nmethods=3738 adapters=459
 compilation: enabled
              stopped_count=0, restarted_count=0
 full_count=0

Compilation events (20 events):
Event: 2.097 Thread 0x0000018b4a3671b0 3729       1       java.util.Spliterators$ArraySpliterator::estimateSize (11 bytes)
Event: 2.097 Thread 0x0000018b4a3671b0 nmethod 3729 0x0000018b3a8d0c90 code [0x0000018b3a8d0e20, 0x0000018b3a8d0ef8]
Event: 2.097 Thread 0x0000018b4a367780 3730       1       java.util.Spliterators$ArraySpliterator::forEachRemaining (68 bytes)
Event: 2.097 Thread 0x0000018b4a367780 nmethod 3730 0x0000018b3a8d0f90 code [0x0000018b3a8d1140, 0x0000018b3a8d1358]
Event: 2.097 Thread 0x0000018b4a27dc00 3731       1       java.lang.invoke.Invokers$Holder::linkToTargetMethod (13 bytes)
Event: 2.097 Thread 0x0000018b4a367d50 3732       1       java.lang.invoke.LambdaForm$DMH/0x0000018b4c10c400::newInvokeSpecial (30 bytes)
Event: 2.097 Thread 0x0000018b4a27dc00 nmethod 3731 0x0000018b3a8d1490 code [0x0000018b3a8d1640, 0x0000018b3a8d1778]
Event: 2.097 Thread 0x0000018b4a367d50 nmethod 3732 0x0000018b3a8d1810 code [0x0000018b3a8d19c0, 0x0000018b3a8d1b88]
Event: 2.097 Thread 0x0000018b4a27dc00 3733       1       java.util.Collection::stream (11 bytes)
Event: 2.097 Thread 0x0000018b4a3671b0 3734       1       java.util.stream.AbstractPipeline::close (48 bytes)
Event: 2.097 Thread 0x0000018b4a367780 3735   !   1       java.util.stream.ReferencePipeline$7$1::accept (127 bytes)
Event: 2.097 Thread 0x0000018b4a367d50 3736       1       java.util.stream.AbstractPipeline::sequential (10 bytes)
Event: 2.097 Thread 0x0000018b4a27dc00 nmethod 3733 0x0000018b3a8d1d10 code [0x0000018b3a8d1ee0, 0x0000018b3a8d2158]
Event: 2.097 Thread 0x0000018b4a367d50 nmethod 3736 0x0000018b3a8d2290 code [0x0000018b3a8d2420, 0x0000018b3a8d24f8]
Event: 2.097 Thread 0x0000018b4a27dc00 3737       1       java.util.stream.ReferencePipeline$Head::forEach (26 bytes)
Event: 2.097 Thread 0x0000018b4a367d50 3738       1       java.util.stream.AbstractPipeline::sourceStageSpliterator (112 bytes)
Event: 2.098 Thread 0x0000018b4a3671b0 nmethod 3734 0x0000018b3a8d2590 code [0x0000018b3a8d2740, 0x0000018b3a8d28e8]
Event: 2.098 Thread 0x0000018b4a27dc00 nmethod 3737 0x0000018b3a8d2990 code [0x0000018b3a8d2b60, 0x0000018b3a8d2e58]
Event: 2.098 Thread 0x0000018b4a367780 nmethod 3735 0x0000018b3a8d3010 code [0x0000018b3a8d3240, 0x0000018b3a8d37b8]
Event: 2.098 Thread 0x0000018b4a367d50 nmethod 3738 0x0000018b3a8d3d10 code [0x0000018b3a8d3f00, 0x0000018b3a8d42f8]

GC Heap History (12 events):
Event: 0.397 GC heap before
{Heap before GC invocations=0 (full 0):
 garbage-first heap   total 260096K, used 22528K [0x0000000703000000, 0x0000000800000000)
  region size 2048K, 11 young (22528K), 0 survivors (0K)
 Metaspace       used 7263K, committed 7488K, reserved 1114112K
  class space    used 916K, committed 1024K, reserved 1048576K
}
Event: 0.401 GC heap after
{Heap after GC invocations=1 (full 0):
 garbage-first heap   total 260096K, used 6565K [0x0000000703000000, 0x0000000800000000)
  region size 2048K, 2 young (4096K), 2 survivors (4096K)
 Metaspace       used 7263K, committed 7488K, reserved 1114112K
  class space    used 916K, committed 1024K, reserved 1048576K
}
Event: 0.689 GC heap before
{Heap before GC invocations=1 (full 0):
 garbage-first heap   total 260096K, used 31141K [0x0000000703000000, 0x0000000800000000)
  region size 2048K, 14 young (28672K), 2 survivors (4096K)
 Metaspace       used 12699K, committed 12992K, reserved 1114112K
  class space    used 1724K, committed 1856K, reserved 1048576K
}
Event: 0.692 GC heap after
{Heap after GC invocations=2 (full 0):
 garbage-first heap   total 260096K, used 8580K [0x0000000703000000, 0x0000000800000000)
  region size 2048K, 1 young (2048K), 1 survivors (2048K)
 Metaspace       used 12699K, committed 12992K, reserved 1114112K
  class space    used 1724K, committed 1856K, reserved 1048576K
}
Event: 1.153 GC heap before
{Heap before GC invocations=2 (full 0):
 garbage-first heap   total 260096K, used 63876K [0x0000000703000000, 0x0000000800000000)
  region size 2048K, 29 young (59392K), 1 survivors (2048K)
 Metaspace       used 21174K, committed 21504K, reserved 1114112K
  class space    used 2844K, committed 3008K, reserved 1048576K
}
Event: 1.157 GC heap after
{Heap after GC invocations=3 (full 0):
 garbage-first heap   total 260096K, used 12365K [0x0000000703000000, 0x0000000800000000)
  region size 2048K, 3 young (6144K), 3 survivors (6144K)
 Metaspace       used 21174K, committed 21504K, reserved 1114112K
  class space    used 2844K, committed 3008K, reserved 1048576K
}
Event: 1.485 GC heap before
{Heap before GC invocations=4 (full 0):
 garbage-first heap   total 55296K, used 38989K [0x0000000703000000, 0x0000000800000000)
  region size 2048K, 16 young (32768K), 3 survivors (6144K)
 Metaspace       used 24647K, committed 25088K, reserved 1114112K
  class space    used 3340K, committed 3584K, reserved 1048576K
}
Event: 1.489 GC heap after
{Heap after GC invocations=5 (full 0):
 garbage-first heap   total 55296K, used 14243K [0x0000000703000000, 0x0000000800000000)
  region size 2048K, 2 young (4096K), 2 survivors (4096K)
 Metaspace       used 24647K, committed 25088K, reserved 1114112K
  class space    used 3340K, committed 3584K, reserved 1048576K
}
Event: 1.521 GC heap before
{Heap before GC invocations=5 (full 0):
 garbage-first heap   total 55296K, used 16291K [0x0000000703000000, 0x0000000800000000)
  region size 2048K, 3 young (6144K), 2 survivors (4096K)
 Metaspace       used 24905K, committed 25344K, reserved 1114112K
  class space    used 3382K, committed 3584K, reserved 1048576K
}
Event: 1.525 GC heap after
{Heap after GC invocations=6 (full 0):
 garbage-first heap   total 55296K, used 14765K [0x0000000703000000, 0x0000000800000000)
  region size 2048K, 1 young (2048K), 1 survivors (2048K)
 Metaspace       used 24905K, committed 25344K, reserved 1114112K
  class space    used 3382K, committed 3584K, reserved 1048576K
}
Event: 1.813 GC heap before
{Heap before GC invocations=6 (full 0):
 garbage-first heap   total 55296K, used 35245K [0x0000000703000000, 0x0000000800000000)
  region size 2048K, 11 young (22528K), 1 survivors (2048K)
 Metaspace       used 28276K, committed 28736K, reserved 1114112K
  class space    used 3976K, committed 4160K, reserved 1048576K
}
Event: 1.817 GC heap after
{Heap after GC invocations=7 (full 0):
 garbage-first heap   total 157696K, used 16076K [0x0000000703000000, 0x0000000800000000)
  region size 2048K, 1 young (2048K), 1 survivors (2048K)
 Metaspace       used 28276K, committed 28736K, reserved 1114112K
  class space    used 3976K, committed 4160K, reserved 1048576K
}

Deoptimization events (0 events):
No events

Classes unloaded (0 events):
No events

Classes redefined (0 events):
No events

Internal exceptions (20 events):
Event: 1.494 Thread 0x0000018b327b6a50 Exception <a 'java/lang/NoClassDefFoundError'{0x0000000712c5ce28}: org/quartz/Scheduler> (0x0000000712c5ce28) 
thrown [s\open\src\hotspot\share\classfile\systemDictionary.cpp, line 245]
Event: 1.494 Thread 0x0000018b327b6a50 Exception <a 'java/lang/NoClassDefFoundError'{0x0000000712c5fac0}: org/springframework/session/jdbc/JdbcIndexedSessionRepository> (0x0000000712c5fac0) 
thrown [s\open\src\hotspot\share\classfile\systemDictionary.cpp, line 245]
Event: 1.535 Thread 0x0000018b327b6a50 Exception <a 'java/lang/NoSuchMethodError'{0x0000000712cd6ef8}: 'java.lang.Object java.lang.invoke.DirectMethodHandle$Holder.invokeSpecialIFC(java.lang.Object, java.lang.Object, java.lang.Object)'> (0x0000000712cd6ef8) 
thrown [s\open\src\hotspot\share\interpreter\linkResolver.cpp, line 759]
Event: 1.593 Thread 0x0000018b327b6a50 Exception <a 'java/lang/NoSuchMethodError'{0x000000070ef28a20}: 'int java.lang.invoke.DirectMethodHandle$Holder.invokeStatic(java.lang.Object)'> (0x000000070ef28a20) 
thrown [s\open\src\hotspot\share\interpreter\linkResolver.cpp, line 759]
Event: 1.593 Thread 0x0000018b327b6a50 Exception <a 'java/lang/NoSuchMethodError'{0x000000070ef2c370}: 'int java.lang.invoke.DirectMethodHandle$Holder.invokeStaticInit(java.lang.Object)'> (0x000000070ef2c370) 
thrown [s\open\src\hotspot\share\interpreter\linkResolver.cpp, line 759]
Event: 1.661 Thread 0x0000018b327b6a50 Exception <a 'java/lang/NoSuchFieldError'{0x0000000705aad6c8}: org.apache.tomcat.jni.FileInfo.pool J> (0x0000000705aad6c8) 
thrown [s\open\src\hotspot\share\prims\jni.cpp, line 1776]
Event: 1.661 Thread 0x0000018b327b6a50 Exception <a 'java/lang/NoSuchFieldError'{0x0000000705aaffe8}: org.apache.tomcat.jni.Sockaddr.pool J> (0x0000000705aaffe8) 
thrown [s\open\src\hotspot\share\prims\jni.cpp, line 1776]
Event: 1.701 Thread 0x0000018b327b6a50 Exception <a 'java/lang/NoSuchMethodError'{0x00000007059a26c8}: 'void java.lang.invoke.DirectMethodHandle$Holder.invokeSpecial(java.lang.Object, java.lang.Object, java.lang.Object, java.lang.Object, java.lang.Object, java.lang.Object, java.lang.Object)'> (0x00000007059a26c8) 
thrown [s\open\src\hotspot\share\interpreter\linkResolver.cpp, line 759]
Event: 1.714 Thread 0x0000018b327b6a50 Exception <a 'java/lang/NoSuchMethodError'{0x00000007056455a0}: 'void java.lang.invoke.DirectMethodHandle$Holder.invokeInterface(java.lang.Object, java.lang.Object, int)'> (0x00000007056455a0) 
thrown [s\open\src\hotspot\share\interpreter\linkResolver.cpp, line 759]
Event: 1.717 Thread 0x0000018b327b6a50 Exception <a 'java/lang/IncompatibleClassChangeError'{0x0000000705695370}: Found class java.lang.Object, but interface was expected> (0x0000000705695370) 
thrown [s\open\src\hotspot\share\interpreter\linkResolver.cpp, line 826]
Event: 1.718 Thread 0x0000018b327b6a50 Exception <a 'java/lang/NoSuchMethodError'{0x00000007056ade50}: 'void java.lang.invoke.DirectMethodHandle$Holder.invokeStatic(java.lang.Object, int, java.lang.Object)'> (0x00000007056ade50) 
thrown [s\open\src\hotspot\share\interpreter\linkResolver.cpp, line 759]
Event: 1.720 Thread 0x0000018b327b6a50 Exception <a 'java/lang/NoSuchMethodError'{0x00000007056ea188}: 'void java.lang.invoke.DirectMethodHandle$Holder.invokeVirtual(java.lang.Object, java.lang.Object, int)'> (0x00000007056ea188) 
thrown [s\open\src\hotspot\share\interpreter\linkResolver.cpp, line 759]
Event: 1.720 Thread 0x0000018b327b6a50 Exception <a 'java/lang/NoSuchMethodError'{0x00000007056f03d0}: 'void java.lang.invoke.DirectMethodHandle$Holder.invokeStatic(java.lang.Object, java.lang.Object, java.lang.Object, int, java.lang.Object)'> (0x00000007056f03d0) 
thrown [s\open\src\hotspot\share\interpreter\linkResolver.cpp, line 759]
Event: 1.721 Thread 0x0000018b327b6a50 Exception <a 'java/lang/NoSuchMethodError'{0x00000007056f77c0}: 'java.lang.Object java.lang.invoke.DirectMethodHandle$Holder.newInvokeSpecial(java.lang.Object, java.lang.Object, java.lang.Object, int)'> (0x00000007056f77c0) 
thrown [s\open\src\hotspot\share\interpreter\linkResolver.cpp, line 759]
Event: 1.883 Thread 0x0000018b327b6a50 Exception <a 'java/lang/NoSuchMethodError'{0x000000070f0202d8}: 'java.lang.Object java.lang.invoke.DirectMethodHandle$Holder.invokeSpecial(java.lang.Object, java.lang.Object, long, java.lang.Object, java.lang.Object, java.lang.Object, java.lang.Object, java.lang.Object, java.lang.Object)'> (0x000000070f0202d8) 
thrown [s\open\src\hotspot\share\interpreter\linkResolver.cpp, line 759]
Event: 1.884 Thread 0x0000018b327b6a50 Exception <a 'java/lang/NoSuchMethodError'{0x000000070f024e00}: 'java.lang.Object java.lang.invoke.DelegatingMethodHandle$Holder.reinvoke_L(java.lang.Object, long, java.lang.Object, java.lang.Object, java.lang.Object, java.lang.Object, java.lang.Object, java.lang.Object)'> (0x000000070f024e00) 
thrown [s\open\src\hotspot\share\interpreter\linkResolver.cpp, line 759]
Event: 1.910 Thread 0x0000018b327b6a50 Exception <a 'java/io/FileNotFoundException'{0x000000070f1ad9e8}> (0x000000070f1ad9e8) 
thrown [s\open\src\hotspot\share\prims\jni.cpp, line 516]
Event: 1.917 Thread 0x0000018b327b6a50 Exception <a 'java/io/FileNotFoundException'{0x000000070ee65f40}> (0x000000070ee65f40) 
thrown [s\open\src\hotspot\share\prims\jni.cpp, line 516]
Event: 1.926 Thread 0x0000018b327b6a50 Exception <a 'java/lang/NoSuchMethodError'{0x000000070ef1dd38}: 'int java.lang.invoke.DirectMethodHandle$Holder.invokeInterface(java.lang.Object, java.lang.Object, java.lang.Object, java.lang.Object)'> (0x000000070ef1dd38) 
thrown [s\open\src\hotspot\share\interpreter\linkResolver.cpp, line 759]
Event: 1.954 Thread 0x0000018b327b6a50 Exception <a 'java/lang/NoSuchMethodError'{0x000000070c13e208}: 'long java.lang.invoke.DirectMethodHandle$Holder.invokeVirtual(java.lang.Object, java.lang.Object)'> (0x000000070c13e208) 
thrown [s\open\src\hotspot\share\interpreter\linkResolver.cpp, line 759]

VM Operations (20 events):
Event: 1.757 Executing VM operation: HandshakeAllThreads
Event: 1.757 Executing VM operation: HandshakeAllThreads done
Event: 1.813 Executing VM operation: G1CollectForAllocation
Event: 1.817 Executing VM operation: G1CollectForAllocation done
Event: 1.847 Executing VM operation: HandshakeAllThreads
Event: 1.847 Executing VM operation: HandshakeAllThreads done
Event: 1.896 Executing VM operation: HandshakeAllThreads
Event: 1.896 Executing VM operation: HandshakeAllThreads done
Event: 1.908 Executing VM operation: HandshakeAllThreads
Event: 1.908 Executing VM operation: HandshakeAllThreads done
Event: 1.937 Executing VM operation: HandshakeAllThreads
Event: 1.937 Executing VM operation: HandshakeAllThreads done
Event: 1.937 Executing VM operation: HandshakeAllThreads
Event: 1.937 Executing VM operation: HandshakeAllThreads done
Event: 1.960 Executing VM operation: HandshakeAllThreads
Event: 1.960 Executing VM operation: HandshakeAllThreads done
Event: 2.028 Executing VM operation: HandshakeAllThreads
Event: 2.028 Executing VM operation: HandshakeAllThreads done
Event: 2.028 Executing VM operation: HandshakeAllThreads
Event: 2.028 Executing VM operation: HandshakeAllThreads done

Events (20 events):
Event: 1.965 loading class java/util/concurrent/locks/AbstractQueuedSynchronizer$ExclusiveNode
Event: 1.965 loading class java/util/concurrent/locks/AbstractQueuedSynchronizer$ExclusiveNode done
Event: 1.968 Thread 0x0000018b4ae2c9e0 Thread added: 0x0000018b4ae2c9e0
Event: 1.969 loading class jdk/internal/reflect/UnsafeObjectFieldAccessorImpl
Event: 1.969 loading class jdk/internal/reflect/UnsafeObjectFieldAccessorImpl done
Event: 1.969 loading class java/lang/invoke/SerializedLambda
Event: 1.969 loading class java/lang/invoke/SerializedLambda done
Event: 1.999 loading class java/util/concurrent/Executors$FinalizableDelegatedExecutorService
Event: 1.999 loading class java/util/concurrent/Executors$DelegatedExecutorService
Event: 1.999 loading class java/util/concurrent/Executors$DelegatedExecutorService done
Event: 1.999 loading class java/util/concurrent/Executors$FinalizableDelegatedExecutorService done
Event: 1.999 Thread 0x0000018b4ae2cef0 Thread added: 0x0000018b4ae2cef0
Event: 2.026 loading class java/time/chrono/JapaneseDate
Event: 2.026 loading class java/time/chrono/ChronoLocalDateImpl
Event: 2.026 loading class java/time/chrono/ChronoLocalDateImpl done
Event: 2.026 loading class java/time/chrono/JapaneseDate done
Event: 2.077 loading class sun/invoke/util/VerifyAccess$1
Event: 2.077 loading class sun/invoke/util/VerifyAccess$1 done
Event: 2.093 loading class sun/reflect/annotation/AnnotationSupport
Event: 2.093 loading class sun/reflect/annotation/AnnotationSupport done


Dynamic libraries:
0x00007ff607280000 - 0x00007ff607290000 	C:\Program Files\Java\jdk-17\bin\java.exe
0x00007ffe574d0000 - 0x00007ffe576e8000 	C:\WINDOWS\SYSTEM32\ntdll.dll
0x00007ffe55390000 - 0x00007ffe55454000 	C:\WINDOWS\System32\KERNEL32.DLL
0x00007ffe54a70000 - 0x00007ffe54e43000 	C:\WINDOWS\System32\KERNELBASE.dll
0x00007ffe54720000 - 0x00007ffe54831000 	C:\WINDOWS\System32\ucrtbase.dll
0x00007ffe26fc0000 - 0x00007ffe26fdb000 	C:\Program Files\Java\jdk-17\bin\VCRUNTIME140.dll
0x00007ffe26870000 - 0x00007ffe26889000 	C:\Program Files\Java\jdk-17\bin\jli.dll
0x00007ffe56e10000 - 0x00007ffe56ec1000 	C:\WINDOWS\System32\ADVAPI32.dll
0x00007ffe56ba0000 - 0x00007ffe56c47000 	C:\WINDOWS\System32\msvcrt.dll
0x00007ffe55550000 - 0x00007ffe555f8000 	C:\WINDOWS\System32\sechost.dll
0x00007ffe550c0000 - 0x00007ffe550e8000 	C:\WINDOWS\System32\bcrypt.dll
0x00007ffe56a80000 - 0x00007ffe56b98000 	C:\WINDOWS\System32\RPCRT4.dll
0x00007ffe566a0000 - 0x00007ffe56852000 	C:\WINDOWS\System32\USER32.dll
0x00007ffe55010000 - 0x00007ffe55036000 	C:\WINDOWS\System32\win32u.dll
0x00007ffe55840000 - 0x00007ffe55869000 	C:\WINDOWS\System32\GDI32.dll
0x00007ffe54ef0000 - 0x00007ffe5500b000 	C:\WINDOWS\System32\gdi32full.dll
0x00007ffe42600000 - 0x00007ffe4289c000 	C:\WINDOWS\WinSxS\amd64_microsoft.windows.common-controls_6595b64144ccf1df_6.0.22621.6060_none_2712eda17382d24b\COMCTL32.dll
0x00007ffe54e50000 - 0x00007ffe54eea000 	C:\WINDOWS\System32\msvcp_win.dll
0x00007ffe48cb0000 - 0x00007ffe48cba000 	C:\WINDOWS\SYSTEM32\VERSION.dll
0x00007ffe55880000 - 0x00007ffe558b1000 	C:\WINDOWS\System32\IMM32.DLL
0x00007ffe40ee0000 - 0x00007ffe40eec000 	C:\Program Files\Java\jdk-17\bin\vcruntime140_1.dll
0x00007ffdc3af0000 - 0x00007ffdc3b7e000 	C:\Program Files\Java\jdk-17\bin\msvcp140.dll
0x00007ffd253a0000 - 0x00007ffd25f80000 	C:\Program Files\Java\jdk-17\bin\server\jvm.dll
0x00007ffe55870000 - 0x00007ffe55878000 	C:\WINDOWS\System32\PSAPI.DLL
0x00007ffe46440000 - 0x00007ffe46449000 	C:\WINDOWS\SYSTEM32\WSOCK32.dll
0x00007ffe55610000 - 0x00007ffe55681000 	C:\WINDOWS\System32\WS2_32.dll
0x00007ffe4ec10000 - 0x00007ffe4ec44000 	C:\WINDOWS\SYSTEM32\WINMM.dll
0x00007ffe53610000 - 0x00007ffe53628000 	C:\WINDOWS\SYSTEM32\kernel.appcore.dll
0x00007ffe28040000 - 0x00007ffe2804a000 	C:\Program Files\Java\jdk-17\bin\jimage.dll
0x00007ffe51ef0000 - 0x00007ffe52123000 	C:\WINDOWS\SYSTEM32\DBGHELP.DLL
0x00007ffe56300000 - 0x00007ffe56691000 	C:\WINDOWS\System32\combase.dll
0x00007ffe56200000 - 0x00007ffe562d8000 	C:\WINDOWS\System32\OLEAUT32.dll
0x00007ffe3e300000 - 0x00007ffe3e332000 	C:\WINDOWS\SYSTEM32\dbgcore.DLL
0x00007ffe550f0000 - 0x00007ffe5516b000 	C:\WINDOWS\System32\bcryptPrimitives.dll
0x00007ffe27850000 - 0x00007ffe2785e000 	C:\Program Files\Java\jdk-17\bin\instrument.dll
0x00007ffe23fb0000 - 0x00007ffe23fd5000 	C:\Program Files\Java\jdk-17\bin\java.dll
0x00007ffdaeb30000 - 0x00007ffdaec07000 	C:\Program Files\Java\jdk-17\bin\jsvml.dll
0x00007ffe558c0000 - 0x00007ffe5615c000 	C:\WINDOWS\System32\SHELL32.dll
0x00007ffe545e0000 - 0x00007ffe5471f000 	C:\WINDOWS\System32\wintypes.dll
0x00007ffe524a0000 - 0x00007ffe52dba000 	C:\WINDOWS\SYSTEM32\windows.storage.dll
0x00007ffe55280000 - 0x00007ffe55384000 	C:\WINDOWS\System32\SHCORE.dll
0x00007ffe55460000 - 0x00007ffe554c9000 	C:\WINDOWS\System32\shlwapi.dll
0x00007ffe54510000 - 0x00007ffe54535000 	C:\WINDOWS\SYSTEM32\profapi.dll
0x00007ffe0e9b0000 - 0x00007ffe0e9c8000 	C:\Program Files\Java\jdk-17\bin\zip.dll
0x00007ffe24ac0000 - 0x00007ffe24ad9000 	C:\Program Files\Java\jdk-17\bin\net.dll
0x00007ffe4cbe0000 - 0x00007ffe4cd0c000 	C:\WINDOWS\SYSTEM32\WINHTTP.dll
0x00007ffe53b30000 - 0x00007ffe53b99000 	C:\WINDOWS\system32\mswsock.dll
0x00007ffe24870000 - 0x00007ffe24886000 	C:\Program Files\Java\jdk-17\bin\nio.dll
0x00007ffe530c0000 - 0x00007ffe531b8000 	C:\WINDOWS\SYSTEM32\DNSAPI.dll
0x00007ffe53090000 - 0x00007ffe530bd000 	C:\WINDOWS\SYSTEM32\IPHLPAPI.DLL
0x00007ffe561f0000 - 0x00007ffe561f9000 	C:\WINDOWS\System32\NSI.dll
0x00007ffe48cc0000 - 0x00007ffe48cca000 	C:\Windows\System32\rasadhlp.dll
0x00007ffe49cc0000 - 0x00007ffe49d44000 	C:\WINDOWS\System32\fwpuclnt.dll
0x00007ffe27500000 - 0x00007ffe2750a000 	C:\Program Files\Java\jdk-17\bin\management.dll
0x00007ffe274c0000 - 0x00007ffe274cb000 	C:\Program Files\Java\jdk-17\bin\management_ext.dll
0x00007ffe53e80000 - 0x00007ffe53e9b000 	C:\WINDOWS\SYSTEM32\CRYPTSP.dll
0x00007ffe535d0000 - 0x00007ffe53607000 	C:\WINDOWS\system32\rsaenh.dll
0x00007ffe53bd0000 - 0x00007ffe53bf8000 	C:\WINDOWS\SYSTEM32\USERENV.dll
0x00007ffe53e60000 - 0x00007ffe53e6c000 	C:\WINDOWS\SYSTEM32\CRYPTBASE.dll
0x00007ffe4ca70000 - 0x00007ffe4ca89000 	C:\WINDOWS\SYSTEM32\dhcpcsvc6.DLL
0x00007ffe4ca50000 - 0x00007ffe4ca6f000 	C:\WINDOWS\SYSTEM32\dhcpcsvc.DLL
0x00007ffe280d0000 - 0x00007ffe280e7000 	C:\WINDOWS\system32\napinsp.dll
0x00007ffe280b0000 - 0x00007ffe280cb000 	C:\WINDOWS\system32\pnrpnsp.dll
0x00007ffe28080000 - 0x00007ffe280a1000 	C:\WINDOWS\system32\nlansp_c.dll
0x00007ffe27810000 - 0x00007ffe27821000 	C:\WINDOWS\System32\winrnr.dll
0x00007ffe4eae0000 - 0x00007ffe4eaf5000 	C:\WINDOWS\system32\wshbth.dll
0x00007ffe41060000 - 0x00007ffe410b0000 	C:\WINDOWS\SYSTEM32\pdh.dll
0x00007ffe0bce0000 - 0x00007ffe0bcf1000 	C:\WINDOWS\System32\perfproc.dll
0x00007ffe276c0000 - 0x00007ffe276ce000 	C:\Program Files\Java\jdk-17\bin\sunmscapi.dll
0x00007ffe54900000 - 0x00007ffe54a68000 	C:\WINDOWS\System32\CRYPT32.dll
0x00007ffe53f80000 - 0x00007ffe53fae000 	C:\WINDOWS\SYSTEM32\ncrypt.dll
0x00007ffe53f40000 - 0x00007ffe53f77000 	C:\WINDOWS\SYSTEM32\NTASN1.dll
0x00007ffe42a90000 - 0x00007ffe42aa0000 	C:\WINDOWS\System32\perfos.dll
0x00007ffe51980000 - 0x00007ffe51990000 	C:\WINDOWS\SYSTEM32\pfclient.dll
0x0000000180000000 - 0x0000000180374000 	C:\Program Files\Tomcat\apache-tomcat-9.0.97\bin\tcnative-1.dll

dbghelp: loaded successfully - version: 4.0.5 - missing functions: none
symbol engine: initialized successfully - sym options: 0x614 - pdb path: .;C:\Program Files\Java\jdk-17\bin;C:\WINDOWS\SYSTEM32;C:\WINDOWS\WinSxS\amd64_microsoft.windows.common-controls_6595b64144ccf1df_6.0.22621.6060_none_2712eda17382d24b;C:\Program Files\Java\jdk-17\bin\server;C:\Program Files\Tomcat\apache-tomcat-9.0.97\bin

VM Arguments:
jvm_args: -XX:TieredStopAtLevel=1 -Dspring.output.ansi.enabled=always -Dcom.sun.management.jmxremote -Dspring.jmx.enabled=true -Dspring.liveBeansView.mbeanDomain -Dspring.application.admin.enabled=true -Dmanagement.endpoints.jmx.exposure.include=* -javaagent:D:\jetbrains\IDEA\IntelliJ IDEA 2025.1\lib\idea_rt.jar=52414 -Dfile.encoding=UTF-8 
java_command: com.library.user.UserApplication
java_class_path (initial): H:\LibrarySeatReservationSystem\backend\user-service\target\classes;D:\Maven\maven-repository\org\springframework\boot\spring-boot-starter-web\3.2.3\spring-boot-starter-web-3.2.3.jar;D:\Maven\maven-repository\org\springframework\boot\spring-boot-starter\3.2.3\spring-boot-starter-3.2.3.jar;D:\Maven\maven-repository\org\springframework\boot\spring-boot\3.2.3\spring-boot-3.2.3.jar;D:\Maven\maven-repository\org\springframework\boot\spring-boot-starter-logging\3.2.3\spring-boot-starter-logging-3.2.3.jar;D:\Maven\maven-repository\ch\qos\logback\logback-classic\1.4.14\logback-classic-1.4.14.jar;D:\Maven\maven-repository\ch\qos\logback\logback-core\1.4.14\logback-core-1.4.14.jar;D:\Maven\maven-repository\org\apache\logging\log4j\log4j-to-slf4j\2.21.1\log4j-to-slf4j-2.21.1.jar;D:\Maven\maven-repository\org\apache\logging\log4j\log4j-api\2.21.1\log4j-api-2.21.1.jar;D:\Maven\maven-repository\org\slf4j\jul-to-slf4j\2.0.12\jul-to-slf4j-2.0.12.jar;D:\Maven\maven-repository\jakarta\annotation\jakarta.annotation-api\2.1.1\jakarta.annotation-api-2.1.1.jar;D:\Maven\maven-repository\org\springframework\spring-core\6.1.4\spring-core-6.1.4.jar;D:\Maven\maven-repository\org\springframework\spring-jcl\6.1.4\spring-jcl-6.1.4.jar;D:\Maven\maven-repository\org\yaml\snakeyaml\2.2\snakeyaml-2.2.jar;D:\Maven\maven-repository\org\springframework\boot\spring-boot-starter-json\3.2.3\spring-boot-starter-json-3.2.3.jar;D:\Maven\maven-repository\com\fasterxml\jackson\core\jackson-databind\2.15.4\jackson-databind-2.15.4.jar;D:\Maven\maven-repository\com\fasterxml\jackson\core\jackson-annotations\2.15.4\jackson-annotations-2.15.4.jar;D:\Maven\maven-repository\com\fasterxml\jackson\core\jackson-core\2.15.4\jackson-core-2.15.4.jar;D:\Maven\maven-repository\com\fasterxml\jackson\datatype\jackson-datatype-jdk8\2.15.4\jackson-datatype-jdk8-2.15.4.jar;D:\Maven\maven-repository\com\fasterxml\jackson\datatype\jackson-datatype-jsr310\2.15.4\jackson-datatype-jsr310-2.15.4.jar;D:\Mave
Launcher Type: SUN_STANDARD

[Global flags]
     intx CICompilerCount                          = 12                                        {product} {ergonomic}
     uint ConcGCThreads                            = 4                                         {product} {ergonomic}
     uint G1ConcRefinementThreads                  = 15                                        {product} {ergonomic}
   size_t G1HeapRegionSize                         = 2097152                                   {product} {ergonomic}
    uintx GCDrainStackTargetSize                   = 64                                        {product} {ergonomic}
   size_t InitialHeapSize                          = 266338304                                 {product} {ergonomic}
     bool ManagementServer                         = true                                      {product} {command line}
   size_t MarkStackSize                            = 4194304                                   {product} {ergonomic}
   size_t MaxHeapSize                              = 4244635648                                {product} {ergonomic}
   size_t MaxNewSize                               = 2545942528                                {product} {ergonomic}
   size_t MinHeapDeltaBytes                        = 2097152                                   {product} {ergonomic}
   size_t MinHeapSize                              = 8388608                                   {product} {ergonomic}
    uintx NonProfiledCodeHeapSize                  = 0                                      {pd product} {ergonomic}
     bool ProfileInterpreter                       = false                                  {pd product} {command line}
    uintx ProfiledCodeHeapSize                     = 0                                      {pd product} {ergonomic}
   size_t SoftMaxHeapSize                          = 4244635648                             {manageable} {ergonomic}
     intx TieredStopAtLevel                        = 1                                         {product} {command line}
     bool UseCompressedClassPointers               = true                           {product lp64_product} {ergonomic}
     bool UseCompressedOops                        = true                           {product lp64_product} {ergonomic}
     bool UseG1GC                                  = true                                      {product} {ergonomic}
     bool UseLargePagesIndividualAllocation        = false                                  {pd product} {ergonomic}

Logging:
Log output configuration:
 #0: stdout all=warning uptime,level,tags
 #1: stderr all=off uptime,level,tags

Environment Variables:
JAVA_HOME=C:\Program Files\Java\jdk-17
CLASSPATH=.;C:\Program Files\Java\jdk-17/lib/dt.jar;C:\Program Files\Java\jdk-17/lib/tools.jar
PATH=D:\VMware Workstation\bin\;C:\Program Files\Common Files\Oracle\Java\javapath;C:\Program Files (x86)\Common Files\Intel\Shared Libraries\redist\intel64\compiler;C:\Windows\system32;C:\Windows;C:\Windows\System32\Wbem;C:\Windows\System32\WindowsPowerShell\v1.0\;C:\Windows\System32\OpenSSH\;C:\Program Files (x86)\NVIDIA Corporation\PhysX\Common;C:\WINDOWS\system32;C:\WINDOWS;C:\WINDOWS\System32\Wbem;C:\WINDOWS\System32\WindowsPowerShell\v1.0\;C:\WINDOWS\System32\OpenSSH\;C:\Program Files\Microsoft SQL Server\150\Tools\Binn\;C:\Program Files\Java\jdk-17\bin;C:\Program Files\Tomcat\apache-tomcat-9.0.97\bin;D:\Maven\apache-maven-3.9.9\bin;E:\Node.js\node_global\node_modules;C:\Users\pyh20\AppData\Local\Programs\Python\Python314\;C:\Program Files\dotnet\;C:\ffmpeg-7.1\ffmpeg-7.1;E:\Navicat\MySql\MySQL Server 8.0\bin;C:\Program Files\NVIDIA Corporation\NVIDIA app\NvDLISR;D:\微信web开发者工具\dll;E:\微信w;b开发者工具\dll;D:\G;t\cmd;C:\Users\pyh20\AppData\Local\Programs\Python\Python312\bin;D:\Redis\Redis\Redis-x64-5.0.14.1;D:\ffmpeg-2025-03-31-git-35c091f4b7-full_build\ffmpeg-2025-03-31-git-35c091f4b7-full_build\bin;C:\Program Files (x86)\cloudflared\;C:\Program Files\Docker\Docker\resources\bin;E:\Node.js\;D:\Git\cmd;C:\Users\pyh20\AppData\Local\Programs\Python\Python311\Scripts\;C:\Users\pyh20\AppData\Local\Programs\Python\Python311\;C:\Users\pyh20\AppData\Local\Programs\Python\Python310\Scripts\;C:\Users\pyh20\AppData\Local\Programs\Python\Python310\;C:\Users\pyh20\AppData\Local\Programs\Python\Python38\Scripts\;C:\Users\pyh20\AppData\Local\Programs\Python\Python38\;C:\Users\pyh20\AppData\Local\Programs\Python\Python39\Scripts\;C:\Users\pyh20\AppData\Local\Programs\Python\Python39\;C:\Users\pyh20\AppData\Local\Programs\Python\Python312\Scripts\;C:\Users\pyh20\AppData\Local\Programs\Python\Python312\;C:\Users\pyh20\AppData\Local\Programs\Python\Python313\Scripts\;C:\Users\pyh20\AppData\Local\Programs\Python\Python313\;C:\Users\pyh20\AppData\Local\Programs\Python\Python3
USERNAME=pyh20
OS=Windows_NT
PROCESSOR_IDENTIFIER=Intel64 Family 6 Model 191 Stepping 2, GenuineIntel



---------------  S Y S T E M  ---------------

OS:
 Windows 11 , 64 bit Build 22621 (10.0.22621.5415)
OS uptime: 4 days 12:39 hours
Hyper-V role detected

CPU: total 20 (initial active 20) (10 cores per cpu, 2 threads per core) family 6 model 191 stepping 2 microcode 0x3a, cx8, cmov, fxsr, ht, mmx, 3dnowpref, sse, sse2, sse3, ssse3, sse4.1, sse4.2, popcnt, lzcnt, tsc, tscinvbit, avx, avx2, aes, erms, clmul, bmi1, bmi2, adx, sha, fma, vzeroupper, clflush, clflushopt, clwb, hv

Memory: 4k page, system-wide physical 16191M (3270M free)
TotalPageFile size 49321M (AvailPageFile size 2M)
current process WorkingSet (physical memory assigned to process): 167M, peak: 167M
current process commit charge ("private bytes"): 318M, peak: 407M

vm_info: Java HotSpot(TM) 64-Bit Server VM (17.0.12+8-LTS-286) for windows-amd64 JRE (17.0.12+8-LTS-286), built on Jun  5 2024 06:46:59 by "mach5one" with MS VC++ 17.6 (VS2022)

END.
